{
  "exclude": {
    "files": null,
    "lines": null
  },
  "generated_at": "2020-04-14T16:29:16Z",
  "plugins_used": [
    {
      "name": "AWSKeyDetector"
    },
    {
      "name": "ArtifactoryDetector"
    },
    {
      "base64_limit": 4.5,
      "name": "Base64HighEntropyString"
    },
    {
      "name": "BasicAuthDetector"
    },
    {
      "hex_limit": 3,
      "name": "HexHighEntropyString"
    },
    {
      "name": "JwtTokenDetector"
    },
    {
      "keyword_exclude": null,
      "name": "KeywordDetector"
    },
    {
      "name": "MailchimpDetector"
    },
    {
      "name": "PrivateKeyDetector"
    },
    {
      "name": "SlackDetector"
    },
    {
      "name": "SoftlayerDetector"
    },
    {
      "name": "StripeDetector"
    }
  ],
  "results": {
    "run.py": [
      {
        "hashed_secret": "8318df9ecda039deac9868adf1944a29a95c7114",
        "is_secret": false,
        "is_verified": false,
        "line_number": 34,
        "type": "Secret Keyword"
      }
    ],
    "tests/test_main.py": [
      {
        "hashed_secret": "dea742e166979027ae70b28e0a9006fb1010e760",
        "is_secret": false,
        "is_verified": false,
        "line_number": 179,
        "type": "Secret Keyword"
      }
    ]
  },
  "version": "0.13.0",
  "word_list": {
    "file": null,
    "hash": null
  }
}
