{
  "exclude": {
    "files": "^.secrets.baseline$",
    "lines": null
  },
  "generated_at": "2020-10-30T12:56:21Z",
  "plugins_used": [
    {
      "name": "AWSKeyDetector"
    },
    {
      "name": "ArtifactoryDetector"
    },
    {
      "base64_limit": 4.5,
      "name": "Base64HighEntropyString"
    },
    {
      "name": "BasicAuthDetector"
    },
    {
      "hex_limit": 3,
      "name": "HexHighEntropyString"
    },
    {
      "name": "JwtTokenDetector"
    },
    {
      "keyword_exclude": null,
      "name": "KeywordDetector"
    },
    {
      "name": "MailchimpDetector"
    },
    {
      "name": "PrivateKeyDetector"
    },
    {
      "name": "SlackDetector"
    },
    {
      "name": "SoftlayerDetector"
    },
    {
      "name": "StripeDetector"
    }
  ],
  "results": {
    "pytest.ini": [
      {
        "hashed_secret": "dea742e166979027ae70b28e0a9006fb1010e760",
        "is_verified": false,
        "line_number": 8,
        "type": "Secret Keyword"
      },
      {
        "hashed_secret": "a2c6670db8f0cd8ff758d6ece896f70718290193",
        "is_verified": false,
        "line_number": 10,
        "type": "Base64 High Entropy String"
      }
    ],
    "tests/test_main.py": [
      {
        "hashed_secret": "dea742e166979027ae70b28e0a9006fb1010e760",
        "is_secret": false,
        "is_verified": false,
        "line_number": 254,
        "type": "Secret Keyword"
      }
    ]
  },
  "version": "0.13.1",
  "word_list": {
    "file": null,
    "hash": null
  }
}
